2026-04-15T20:26Z | ai-library-system | v26 | integrity: 2 warnings — TAMPER DETECTED; TAMPER DETECTED
2026-04-15T22:00Z | ai-library-system | v27 | integrity: 2 warnings — TAMPER DETECTED; TAMPER DETECTED
2026-04-16T01:01Z | flow-vs-ai | v02 | integrity: clean
2026-04-16T01:13Z | flow-vs-ai | v03 | integrity: 23 warnings — TAMPER DETECTED; TAMPER DETECTED; DROPPED LINES;     - Added governance layer: ;     - Handoff constraint enfor;     - Identified cognitive lay;     - Integrated KURGAN-ROSTOK;     - KURGAN 500 protocol comp;     - Off-ramp strategy provid;     - ROSTOK 2028 protocol com;     - Scenario branching solve;     - Used 6-gate hierarchy to; DROPPED LINES;     - "Use AI for everything" ;     - Incomplete skill impleme;     - Kurgan re-analysis durin;     - Prompt engineering as a ;     - Purely task-centric fram;     - Rostok as communication/;     - Single-layer governance ;     - Waiting for missing info; SIZE WARNING; SIZE WARNING
2026-04-16T01:40Z | flow-vs-ai | v04 | integrity: 2 warnings — TAMPER DETECTED; TAMPER DETECTED
2026-04-16T02:41Z | flow-vs-ai | v05 | integrity: 2 warnings — TAMPER DETECTED; TAMPER DETECTED
2026-04-16T03:05Z | flow-vs-ai | v06 | integrity: 3 warnings — TAMPER DETECTED; TAMPER DETECTED; SIZE WARNING
2026-04-16T03:28Z | flow-vs-ai | v07 | integrity: 1 warning — SIZE WARNING
2026-06-27T22:42Z | ai-library-system | v28 | integrity: 1 warning — TAMPER DETECTED
2026-06-28T00:40Z | ai-library-system | v29 | integrity: clean
2026-06-28T01:02Z | ai-library-system | v30 | integrity: clean
2026-06-28T03:02Z | ai-library-system | v31 | integrity: clean
2026-06-28T09:34Z | signal-lost | v01 | integrity: clean
2026-06-28T09:40Z | signal-lost | v02 | integrity: 1 warning — SIZE WARNING
2026-06-28T09:55Z | signal-lost | v03 | integrity: clean
2026-06-28T11:12Z | ai-library-system | v32 | integrity: clean
2026-06-28T12:55Z | ai-library-system | v33 | integrity: clean
2026-06-28T13:34Z | ai-library-system | v34 | integrity: 4 warnings — DROPPED LINES;     - Building test_git_sync.p; DROPPED LINES;     - Building test_git_sync.p
2026-06-29T13:54Z | ai-library-system | v35 | integrity: clean
2026-06-29T14:11Z | ai-library-system | v36 | integrity: clean
